../Core/Src/main.c:74:5:main	104	static
../Core/Src/main.c:139:6:SystemClock_Config	88	static
../Core/Src/main.c:187:13:MX_I2C1_Init	8	static
../Core/Src/main.c:221:13:MX_USART2_UART_Init	8	static
../Core/Src/main.c:254:13:MX_GPIO_Init	48	static
../Core/Src/main.c:298:13:LED_ON	16	static
../Core/Src/main.c:303:13:LED_OFF	16	static
../Core/Src/main.c:308:13:RED_LED_ONLY	8	static
../Core/Src/main.c:315:13:GREEN_LED_ONLY	8	static
../Core/Src/main.c:322:13:BLUE_LED_ONLY	8	static
../Core/Src/main.c:330:16:read_sht31_outputs	48	static
../Core/Src/main.c:358:6:Error_Handler	4	static,ignoring_inline_asm
